// Jest Snapshot v1, https://goo.gl/fbAQLP

exports[`AppFooter matches the snapshot 1`] = `
ShallowWrapper {
  "length": 1,
  Symbol(enzyme.__root__): [Circular],
  Symbol(enzyme.__unrendered__): <AppFooter />,
  Symbol(enzyme.__renderer__): Object {
    "batchedUpdates": [Function],
    "getNode": [Function],
    "render": [Function],
    "simulateEvent": [Function],
    "unmount": [Function],
  },
  Symbol(enzyme.__node__): Object {
    "instance": null,
    "key": undefined,
    "nodeType": "host",
    "props": Object {
      "children": Array [
        <div
          className="toolbar-actions pull-left"
>
          <button
                    className="btn btn-default"
                    onClick={[Function]}
          >
                    Hotel
          </button>
</div>,
        <div
          className="toolbar-actions pull-right"
>
          <div
                    className="btn-group"
          >
                    <button
                              className="btn btn-default"
                              onClick={undefined}
                    >
                              <span
                                        className="icon icon-arrows-ccw"
                                        title="Refresh"
                              />
                    </button>
                    <button
                              className="btn btn-default"
                              id="close-app"
                              onClick={[Function]}
                    >
                              <span
                                        className="icon icon-cancel"
                                        title="Quit"
                              />
                    </button>
          </div>
</div>,
      ],
      "className": "toolbar toolbar-footer",
    },
    "ref": null,
    "rendered": Array [
      Object {
        "instance": null,
        "key": undefined,
        "nodeType": "host",
        "props": Object {
          "children": <button
            className="btn btn-default"
            onClick={[Function]}
>
            Hotel
</button>,
          "className": "toolbar-actions pull-left",
        },
        "ref": null,
        "rendered": Object {
          "instance": null,
          "key": undefined,
          "nodeType": "host",
          "props": Object {
            "children": "Hotel",
            "className": "btn btn-default",
            "onClick": [Function],
          },
          "ref": null,
          "rendered": "Hotel",
          "type": "button",
        },
        "type": "div",
      },
      Object {
        "instance": null,
        "key": undefined,
        "nodeType": "host",
        "props": Object {
          "children": <div
            className="btn-group"
>
            <button
                        className="btn btn-default"
                        onClick={undefined}
            >
                        <span
                                    className="icon icon-arrows-ccw"
                                    title="Refresh"
                        />
            </button>
            <button
                        className="btn btn-default"
                        id="close-app"
                        onClick={[Function]}
            >
                        <span
                                    className="icon icon-cancel"
                                    title="Quit"
                        />
            </button>
</div>,
          "className": "toolbar-actions pull-right",
        },
        "ref": null,
        "rendered": Object {
          "instance": null,
          "key": undefined,
          "nodeType": "host",
          "props": Object {
            "children": Array [
              <button
                className="btn btn-default"
                onClick={undefined}
>
                <span
                                className="icon icon-arrows-ccw"
                                title="Refresh"
                />
</button>,
              <button
                className="btn btn-default"
                id="close-app"
                onClick={[Function]}
>
                <span
                                className="icon icon-cancel"
                                title="Quit"
                />
</button>,
            ],
            "className": "btn-group",
          },
          "ref": null,
          "rendered": Array [
            Object {
              "instance": null,
              "key": undefined,
              "nodeType": "host",
              "props": Object {
                "children": <span
                  className="icon icon-arrows-ccw"
                  title="Refresh"
/>,
                "className": "btn btn-default",
                "onClick": undefined,
              },
              "ref": null,
              "rendered": Object {
                "instance": null,
                "key": undefined,
                "nodeType": "host",
                "props": Object {
                  "className": "icon icon-arrows-ccw",
                  "title": "Refresh",
                },
                "ref": null,
                "rendered": null,
                "type": "span",
              },
              "type": "button",
            },
            Object {
              "instance": null,
              "key": undefined,
              "nodeType": "host",
              "props": Object {
                "children": <span
                  className="icon icon-cancel"
                  title="Quit"
/>,
                "className": "btn btn-default",
                "id": "close-app",
                "onClick": [Function],
              },
              "ref": null,
              "rendered": Object {
                "instance": null,
                "key": undefined,
                "nodeType": "host",
                "props": Object {
                  "className": "icon icon-cancel",
                  "title": "Quit",
                },
                "ref": null,
                "rendered": null,
                "type": "span",
              },
              "type": "button",
            },
          ],
          "type": "div",
        },
        "type": "div",
      },
    ],
    "type": "footer",
  },
  Symbol(enzyme.__nodes__): Array [
    Object {
      "instance": null,
      "key": undefined,
      "nodeType": "host",
      "props": Object {
        "children": Array [
          <div
            className="toolbar-actions pull-left"
>
            <button
                        className="btn btn-default"
                        onClick={[Function]}
            >
                        Hotel
            </button>
</div>,
          <div
            className="toolbar-actions pull-right"
>
            <div
                        className="btn-group"
            >
                        <button
                                    className="btn btn-default"
                                    onClick={undefined}
                        >
                                    <span
                                                className="icon icon-arrows-ccw"
                                                title="Refresh"
                                    />
                        </button>
                        <button
                                    className="btn btn-default"
                                    id="close-app"
                                    onClick={[Function]}
                        >
                                    <span
                                                className="icon icon-cancel"
                                                title="Quit"
                                    />
                        </button>
            </div>
</div>,
        ],
        "className": "toolbar toolbar-footer",
      },
      "ref": null,
      "rendered": Array [
        Object {
          "instance": null,
          "key": undefined,
          "nodeType": "host",
          "props": Object {
            "children": <button
              className="btn btn-default"
              onClick={[Function]}
>
              Hotel
</button>,
            "className": "toolbar-actions pull-left",
          },
          "ref": null,
          "rendered": Object {
            "instance": null,
            "key": undefined,
            "nodeType": "host",
            "props": Object {
              "children": "Hotel",
              "className": "btn btn-default",
              "onClick": [Function],
            },
            "ref": null,
            "rendered": "Hotel",
            "type": "button",
          },
          "type": "div",
        },
        Object {
          "instance": null,
          "key": undefined,
          "nodeType": "host",
          "props": Object {
            "children": <div
              className="btn-group"
>
              <button
                            className="btn btn-default"
                            onClick={undefined}
              >
                            <span
                                          className="icon icon-arrows-ccw"
                                          title="Refresh"
                            />
              </button>
              <button
                            className="btn btn-default"
                            id="close-app"
                            onClick={[Function]}
              >
                            <span
                                          className="icon icon-cancel"
                                          title="Quit"
                            />
              </button>
</div>,
            "className": "toolbar-actions pull-right",
          },
          "ref": null,
          "rendered": Object {
            "instance": null,
            "key": undefined,
            "nodeType": "host",
            "props": Object {
              "children": Array [
                <button
                  className="btn btn-default"
                  onClick={undefined}
>
                  <span
                                    className="icon icon-arrows-ccw"
                                    title="Refresh"
                  />
</button>,
                <button
                  className="btn btn-default"
                  id="close-app"
                  onClick={[Function]}
>
                  <span
                                    className="icon icon-cancel"
                                    title="Quit"
                  />
</button>,
              ],
              "className": "btn-group",
            },
            "ref": null,
            "rendered": Array [
              Object {
                "instance": null,
                "key": undefined,
                "nodeType": "host",
                "props": Object {
                  "children": <span
                    className="icon icon-arrows-ccw"
                    title="Refresh"
/>,
                  "className": "btn btn-default",
                  "onClick": undefined,
                },
                "ref": null,
                "rendered": Object {
                  "instance": null,
                  "key": undefined,
                  "nodeType": "host",
                  "props": Object {
                    "className": "icon icon-arrows-ccw",
                    "title": "Refresh",
                  },
                  "ref": null,
                  "rendered": null,
                  "type": "span",
                },
                "type": "button",
              },
              Object {
                "instance": null,
                "key": undefined,
                "nodeType": "host",
                "props": Object {
                  "children": <span
                    className="icon icon-cancel"
                    title="Quit"
/>,
                  "className": "btn btn-default",
                  "id": "close-app",
                  "onClick": [Function],
                },
                "ref": null,
                "rendered": Object {
                  "instance": null,
                  "key": undefined,
                  "nodeType": "host",
                  "props": Object {
                    "className": "icon icon-cancel",
                    "title": "Quit",
                  },
                  "ref": null,
                  "rendered": null,
                  "type": "span",
                },
                "type": "button",
              },
            ],
            "type": "div",
          },
          "type": "div",
        },
      ],
      "type": "footer",
    },
  ],
  Symbol(enzyme.__options__): Object {
    "adapter": ReactSixteenAdapter {
      "options": Object {
        "enableComponentDidUpdateOnSetState": true,
      },
    },
  },
}
`;
