// Jest Snapshot v1, https://goo.gl/fbAQLP

exports[`AppHeader matches the snapshot 1`] = `
<header
  className="toolbar toolbar-header"
>
  <h1
    className="title"
  >
    Hotelier
  </h1>
</header>
`;
