// Jest Snapshot v1, https://goo.gl/fbAQLP

exports[`ServerList matches the snapshot 1`] = `ShallowWrapper {}`;
