// Jest Snapshot v1, https://goo.gl/fbAQLP

exports['ServerItem matches the snapshot when the server is running 1'] = `
ShallowWrapper {
  "length": 1,
}
`;

exports['ServerItem matches the snapshot when the server is stopped 1'] = `
ShallowWrapper {
  "length": 1,
}
`;
